[qemu] QEMU system: QEMU emulator version 8.2.2 (Debian 1:8.2.2+ds-0ubuntu1)
[qemu] Emulation  : x86_64 TCG (software, no KVM)
[qemu] Alpine ISO : /home/user/isolatte/qemu-pdf-emulation/deps/alpine-virt-3.19.1-x86_64.iso
[qemu] Host proxy : http://container_container_01TjGBJWJmL73dCQwhxHEJrN--claude_code_remote--aff8ba:jwt_eyJ0eXAiOiJKV1QiLCJhbGciOiJFUzI1NiIsImtpZCI6Iks3dlRfYUVsdXIySGdsYVJ0QWJ0UThDWDU4dFFqODZIRjJlX1VsSzZkNEEifQ.eyJpc3MiOiJhbnRocm9waWMtZWdyZXNzLWNvbnRyb2wiLCJvcmdhbml6YXRpb25fdXVpZCI6IjZiM2RhYzQwLTJjYTYtNDJhZS05Mzc2LWE4OTJmNDYwZjc4YSIsImlhdCI6MTc3Mjg3Mzg2NywiZXhwIjoxNzcyODg4MjY3LCJhbGxvd2VkX2hvc3RzIjoiKiIsImlzX2hpcGFhX3JlZ3VsYXRlZCI6ImZhbHNlIiwiaXNfYW50X2hpcGkiOiJmYWxzZSIsInVzZV9lZ3Jlc3NfZ2F0ZXdheSI6InRydWUiLCJzZXNzaW9uX2lkIjoic2Vzc2lvbl8wMUFuamhKTm9HS3lYd1d5WXJFNEZYREMiLCJjb250YWluZXJfaWQiOiJjb250YWluZXJfMDFUakdCSldKbUw3M2RDUXdoeEhFSnJOLS1jbGF1ZGVfY29kZV9yZW1vdGUtLWFmZjhiYSJ9.CYp35tjC0BK8Ene196OrOTB0pRnyTzFbzjvMjIBdZbde6CBVXdUqjF1ThcCSTe8eEkyO5qwCBORL2X_A_Md0RQ@21.0.0.165:15004
[qemu] Timeout    : 2700s
[qemu] Starting QEMU VM...
[qemu] QEMU PID: 37193
[qemu] Starting serial console automation...
[qemu] Waiting for QEMU VM to complete (timeout: 2700s)...
7  0%                                             8[0K7  6% ##                                          8[0K7 13% #####                                       8[0K7 13% ######                                      8[0K7 14% ######                                      8[0K7 15% ######                                      8[0K7 17% #######                                     8[0K7 18% ########                                    8[0K7 19% ########                                    8[0K7 20% ########                                    8[0K7 20% #########                                   8[0K7 21% #########                                   8[0K7 22% #########                                   8[0K7 22% ##########                                  8[0K7 23% ##########                                  8[0K7 24% ##########                                  8[0K7 25% ###########                                 8[0K7 26% ###########                                 8[0K7 27% ###########                                 8[0K7 27% ############                                8[0K7 28% ############                                8[0K7 29% ############                                8[0K7 29% #############                               8[0K7 30% #############                               8[0K7 31% #############                               8[0K7 31% ##############                              8[0K7 32% ##############                              8[0K7 33% ##############                              8[0K7 35% ###############                             8[0K7 36% ###############                             8[0K7 36% ################                            8[0K7 37% ################                            8[0K7 38% ################                            8[0K7 38% #################                           8[0K7 41% ##################                          8[0K7 59% ##########################                  8[0K7 78% ##################################          8[0K7 79% ##################################          8[0K7 79% ###################################         8[0K7 81% ###################################         8[0K7 86% #####################################       8[0K7 87% ######################################      8[0K7 88% #######################################     8[0K7 90% #######################################     8[0K7 90% ########################################    8[0K7 91% ########################################    8[0K7 92% ########################################    8[0K7 93% #########################################   8[0K7100% ############################################8[0K

   OpenRC 0.52.1 is starting up Linux 6.6.14-0-virt (x86_64)

 * /proc is already mounted
 * Mounting /run ... [ ok ]
 * /run/openrc: creating directory
 * /run/lock: creating directory
 * /run/lock: correcting owner
 * Caching service dependencies ... [ ok ]
 * Remounting devtmpfs on /dev ... [ ok ]
 * Mounting /dev/mqueue ... [ ok ]
 * Mounting modloop  ... * Verifying modloop
[qemu]   Still running... 60s elapsed
 [ ok ]
 * Mounting security filesystem ... [ ok ]
 * Mounting debug filesystem ... [ ok ]
 * Mounting persistent storage (pstore) filesystem ... [ ok ]
 * Starting busybox mdev ... [ ok ]
 * Scanning hardware for mdev ... [ ok ]
 * Loading hardware drivers ... [ ok ]
 * Loading modules ... [ ok ]
 * Setting system clock using the hardware clock [UTC] ... [ ok ]
 * Checking local filesystems  ... [ ok ]
 * Remounting filesystems ... [ ok ]
 * Mounting local filesystems ... [ ok ]
 * Configuring kernel parameters ... [ ok ]
 * Migrating /var/lock to /run/lock ... [ ok ]
 * Creating user login records ... [ ok ]
 * Cleaning /tmp directory ... [ ok ]
 * Setting hostname ... [ ok ]
 * Starting busybox syslog ... [ ok ]
 * Starting firstboot ... [ ok ]

Welcome to Alpine Linux 3.19
Kernel 6.6.14-0-virt on an x86_64 (/dev/ttyS0)

localhost login: [qemu]   → Sending login credentials
[qemu]   → Sending login credentials
Password: [qemu]   → Configuring APK proxy and installing OpenJDK

jwt_eyJ0eXAiOiJKV1QiLCJhbGciOiJFUzI1NiIsImtpZCI6Iks3dlRfYUVsdXIySGdsYVJ0QWJ0UThDWDU4dFFqODZIRjJlX1VsSzZkNEEifQ.eyJpc3MiOiJhbnRocm9waWMtZWdyZXNzLWNvbnRyb2wiLCJvcmdhbml6YXRpb25fdXVpZCI6IjZiM2RhYzQwLTJjYTYtNDJhZS05Mzc2LWE4OTJmNDYwZjc4YSIsImlhdCI6MTc3Mjg3Mzg2NywiZXhwIjoxNzcyODg4MjY3LCJhbGxvd2VkX2hvc3RzIjoiKiIsImlzX2hpcGFhX3JlZ3VsYXRlZCI6ImZhbHNlIiwiaXNfYW50X2hpcGkiOiJmYWxzZSIsInVzZV9lZ3Jlc3NfZ2F0ZXdheSI6InRydWUiLCJzZXNzaW9uX2lkIjoic2Vzc2lvbl8wMUFuamhKTm9HS3lYd1d5WXJFNEZYREMiLCJjb250YWluZXJfaWQiOiJjb250YWluZXJfMDFUakdCSldKbUw3M2RDUXdoeEhFSnJOLS1jbGF1ZGVfY29kZV9yZW1vdGUtLWFmZjhiYSJ9.CYp35tjC0BK8Ene196OrOTB0pRnyTzFbzjvMjIBdZbde6CBVXdUqjF1ThcCSTe8eEkyO5qwCBORL2X_A_Md0RQ@21.0.0.165:15004" https_proxy="http://container_container_01TjGBJWJmL73dCQwhxHEJrN--claude_code_remote--aff8ba:jwt_eyJ0eXAiOiJKV1QiLCJhbGciOiJFUzI1NiIsImtpZCI6Iks3dlRfYUVsdXIySGdsYVJ0QWJ0UThDWDU4dFFqODZIRjJlX1VsSzZkNEEifQ.eyJpc3MiOiJhbnRocm9waWMtZWdyZXNzLWNvbnRyb2wiLCJvcmdhbml6YXRpb25fdXVpZCI6IjZiM2RhYzQwLTJjYTYtNDJhZS05Mzc2LWE4OTJmNDYwZjc4YSIsImlhdCI6MTc3Mjg3Mzg2NywiZXhwIjoxNzcyODg4MjY3LCJhbGxvd2VkX2hvc3RzIjoiKiIsImlzX2hpcGFhX3JlZ3VsYXRlZCI6ImZhbHNlIiwiaXNfYW50X2hpcGkiOiJmYWxzZSIsInVzZV9lZ3Jlc3NfZ2F0ZXdheSI6InRydWUiLCJzZXNzaW9uX2lkIjoic2Vzc2lvbl8wMUFuamhKTm9HS3lYd1d5WXJFNEZYREMiLCJjb250YWluZXJfaWQiOiJjb250YWluZXJfMDFUakdCSldKbUw3M2RDUXdoeEhFSnJOLS1jbGF1ZGVfY29kZV9yZW1vdGUtLWFmZjhiYSJ9.CYp35tjC0BK8Ene196OrOTB0pRnyTzFbzjvMjIBdZbde6CBVXdUqjF1ThcCSTe8eEkyO5qwCBORL2X_A_Md0RQ@21.0.0.165:15004"
echo "http_proxy=http://container_container_01TjGBJWJmL73dCQwhxHEJrN--claude_code_remote--aff8ba:jwt_eyJ0eXAiOiJKV1QiLCJhbGciOiJFUzI1NiIsImtpZCI6Iks3dlRfYUVsdXIySGdsYVJ0QWJ0UThDWDU4dFFqODZIRjJlX1VsSzZkNEEifQ.eyJpc3MiOiJhbnRocm9waWMtZWdyZXNzLWNvbnRyb2wiLCJvcmdhbml6YXRpb25fdXVpZCI6IjZiM2RhYzQwLTJjYTYtNDJhZS05Mzc2LWE4OTJmNDYwZjc4YSIsImlhdCI6MTc3Mjg3Mzg2NywiZXhwIjoxNzcyODg4MjY3LCJhbGxvd2VkX2hvc3RzIjoiKiIsImlzX2hpcGFhX3JlZ3VsYXRlZCI6ImZhbHNlIiwiaXNfYW50X2hpcGkiOiJmYWxzZSIsInVzZV9lZ3Jlc3NfZ2F0ZXdheSI6InRydWUiLCJzZXNzaW9uX2lkIjoic2Vzc2lvbl8wMUFuamhKTm9HS3lYd1d5WXJFNEZYREMiLCJjb250YWluZXJfaWQiOiJjb250YWluZXJfMDFUakdCSldKbUw3M2RDUXdoeEhFSnJOLS1jbGF1ZGVfY29kZV9yZW1vdGUtLWFmZjhiYSJ9.CYp35tjC0BK8Ene196OrOTB0pRnyTzFbzjvMjIBdZbde6CBVXdUqjF1ThcCSTe8eEkyO5qwCBORL2X_A_Md0RQ@21.0.0.165:15004" > /etc/apk/repositories.d/proxy.conf 2>/dev/null || true
http_proxy="http://container_container_01TjGBJWJmL73dCQwhxHEJrN--claude_code_remote--aff8ba:jwt_eyJ0eXAiOiJKV1QiLCJhbGciOiJFUzI1NiIsImtpZCI6Iks3dlRfYUVsdXIySGdsYVJ0QWJ0UThDWDU4dFFqODZIRjJlX1VsSzZkNEEifQ.eyJpc3MiOiJhbnRocm9waWMtZWdyZXNzLWNvbnRyb2wiLCJvcmdhbml6YXRpb25fdXVpZCI6IjZiM2RhYzQwLTJjYTYtNDJhZS05Mzc2LWE4OTJmNDYwZjc4YSIsImlhdCI6MTc3Mjg3Mzg2NywiZXhwIjoxNzcyODg4MjY3LCJhbGxvd2VkX2hvc3RzIjoiKiIsImlzX2hpcGFhX3JlZ3VsYXRlZCI6ImZhbHNlIiwiaXNfYW50X2hpcGkiOiJmYWxzZSIsInVzZV9lZ3Jlc3NfZ2F0ZXdheSI6InRydWUiLCJzZXNzaW9uX2lkIjoic2Vzc2lvbl8wMUFuamhKTm9HS3lYd1d5WXJFNEZYREMiLCJjb250YWluZXJfaWQiOiJjb250YWluZXJfMDFUakdCSldKbUw3M2RDUXdoeEhFSnJOLS1jbGF1ZGVfY29kZV9yZW1vdGUtLWFmZjhiYSJ9.CYp35tjC0BK8Ene196OrOTB0pRnyTzFbzjvMjIBdZbde6CBVXdUqjF1ThcCSTe8eEkyO5qwCBORL2X_A_Md0RQ@21.0.0.165:15004" https_proxy="http://container_container_01TjGBJWJmL73dCQwhxHEJrN--claude_code_remote--aff8ba:jwt_eyJ0eXAiOiJKV1QiLCJhbGciOiJFUzI1NiIsImtpZCI6Iks3dlRfYUVsdXIySGdsYVJ0QWJ0UThDWDU4dFFqODZIRjJlX1VsSzZkNEEifQ.eyJpc3MiOiJhbnRocm9waWMtZWdyZXNzLWNvbnRyb2wiLCJvcmdhbml6YXRpb25fdXVpZCI6IjZiM2RhYzQwLTJjYTYtNDJhZS05Mzc2LWE4OTJmNDYwZjc4YSIsImlhdCI6MTc3Mjg3Mzg2NywiZXhwIjoxNzcyODg4MjY3LCJhbGxvd2VkX2hvc3RzIjoiKiIsImlzX2hpcGFhX3JlZ3VsYXRlZCI6ImZhbHNlIiwiaXNfYW50X2hpcGkiOiJmYWxzZSIsInVzZV9lZ3Jlc3NfZ2F0ZXdheSI6InRydWUiLCJzZXNzaW9uX2lkIjoic2Vzc2lvbl8wMUFuamhKTm9HS3lYd1d5WXJFNEZYREMiLCJjb250YWluZXJfaWQiOiJjb250YWluZXJfMDFUakdCSldKbUw3M2RDUXdoeEhFSnJOLS1jbGF1ZGVfY29kZV9yZW1vdGUtLWFmZjhiYSJ9.CYp35tjC0BK8Ene196OrOTB0pRnyTzFbzjvMjIBdZbde6CBVXdUqjF1ThcCSTe8eEkyO5qwCBORL2X_A_Md0RQ@21.0.0.165:15004" apk add --no-cache openjdk21-jre-headless 2>&1 && echo "JDK_INSTALLED_OK" || echo "JDK_INSTALL_FAILED"
Login incorrect
localhost login: [qemu]   Still running... 120s elapsed

Login timed out after 60 seconds

Welcome to Alpine Linux 3.19
Kernel 6.6.14-0-virt on an x86_64 (/dev/ttyS0)

localhost login: [qemu]   Still running... 180s elapsed
[qemu]   Still running... 240s elapsed
qemu-system-x86_64: terminating on signal 15 from pid 40794 ()
